2026-05-03 17:58:36 [command_center] Started: Generate daily operations report
2026-05-03 17:58:36 [command_center] Completed: Generate daily operations report
2026-05-03 17:58:41 [command_center] Started: Generate daily operations report
2026-05-03 17:58:41 [command_center] Completed: Generate daily operations report
2026-05-03 17:58:46 [command_center] Started: Run health check
2026-05-03 17:58:46 [command_center] Completed: Run health check
2026-05-03 17:58:49 [command_center] Started: Search urgent help requests
2026-05-03 17:58:49 [command_center] Completed: Search urgent help requests
2026-05-03 17:58:51 [command_center] Started: Search pending help requests
2026-05-03 17:58:51 [command_center] Completed: Search pending help requests
2026-05-03 17:58:53 [command_center] Started: Create compressed backup
2026-05-03 17:58:53 [command_center] Completed: Create compressed backup
2026-05-03 17:58:55 [command_center] Started: Monitor logs
2026-05-03 17:58:55 [command_center] Completed: Monitor logs
2026-05-03 17:58:57 [command_center] Started: Generate advanced summary reports
2026-05-03 17:58:57 [command_center] Completed: Generate advanced summary reports
2026-05-03 17:58:59 [command_center] Started: Generate log summary
2026-05-03 17:58:59 [command_center] Completed: Generate log summary
2026-05-03 17:59:05 [command_center] Started: Generate log summary
2026-05-03 17:59:05 [command_center] Completed: Generate log summary
2026-05-03 17:59:13 [command_center] Started: Run security audit
2026-05-03 17:59:13 [command_center] Completed: Run security audit
2026-05-03 17:59:17 [command_center] Started: Show Git status
2026-05-03 17:59:17 [command_center] Completed: Show Git status
2026-05-03 17:59:34 [command_center] Started: Check local server health
2026-05-03 17:59:34 [command_center] Failed: Check local server health
2026-05-03 17:59:54 [command_center] Exited command center.
